src/services/memory.ts(114,14): error TS2551: Property 'clearConversation' does not exist on type 'FirebaseService'. Did you mean 'getConversation'?
src/services/memory.ts(114,46): error TS7006: Parameter 'err' implicitly has an 'any' type.
